// Jest Snapshot v1, https://goo.gl/fbAQLP

exports[`matches dom snapshot 1`] = `
<div>
  <h1>
     A simple JSX
  </h1>
</div>
`;
